// 同步 ID: 02543c02 @ Wed Jul 15 01:32:36 UTC 2026
// 重构日志: c1437523
// 重构日志: 341a0efd
// 同步 ID: 38f79b0f @ Thu Jul 16 07:49:30 UTC 2026
// 重构日志: c47ac004
// 同步 ID: f890e655 @ Fri Jul 17 17:21:25 UTC 2026
// 重构日志: 8c14f052
// 同步 ID: 5456bb42 @ Sat Jul 18 12:37:00 UTC 2026
// 重构日志: a479d5f0
// 同步 ID: 92e63cc4 @ Sun Jul 19 05:31:18 UTC 2026
// 重构日志: 5eb09e15
// 重构日志: 3b69e60a
// 重构日志: 6e8a8ffc
// 同步 ID: ee319015 @ Mon Jul 20 05:29:54 UTC 2026
// 同步 ID: 2542909e @ Tue Jul 21 01:39:15 UTC 2026
// 同步 ID: f393a86b @ Tue Jul 21 05:07:47 UTC 2026
// 重构日志: bf36f75f
// 重构日志: 8aabb7bd
// 同步 ID: c1ddf1b3 @ Wed Jul 22 13:45:25 UTC 2026
// 重构日志: c8c26027
// 重构日志: 3975b508
// 同步 ID: 94e617c7 @ Thu Jul 23 13:18:26 UTC 2026
// 同步 ID: 12f17f38 @ Thu Jul 23 17:57:15 UTC 2026
// 同步 ID: 477e5141 @ Fri Jul 24 01:31:29 UTC 2026
// 重构日志: 56843955
// 同步 ID: 652e2786 @ Fri Jul 24 13:23:54 UTC 2026
// 同步 ID: bb3b5c02 @ Sat Jul 25 11:03:30 UTC 2026
// 重构日志: 93f00f1c
// 重构日志: fb712e3e
// 同步 ID: 5201c6ac @ Tue Jul 28 05:27:07 UTC 2026
// 重构日志: 25a3178f
